// Jest Snapshot v1, https://goo.gl/fbAQLP

exports[`Modal is rendering renders 1`] = `
<DocumentFragment>
  <div
    class="modalBackdrop"
  >
    <div
      class="modalContainer"
    >
      <h3
        class="modalTitle"
      >
        Cat green eyes
      </h3>
      <img
        alt="current category"
        src="1.jpg"
      />
      <p>
        Portraits of people in my life
      </p>
      <button
        type="button"
      >
        Close this modal
      </button>
    </div>
  </div>
</DocumentFragment>
`;
